apiVersion: apiextensions.k8s.io/v1beta1
kind: CustomResourceDefinition
metadata:
  labels:
    app: certmanager
    kustomize.component: istio-crds
  name: issuers.cert-manager.io
spec:
  group: cert-manager.io
  names:
    kind: Issuer
    plural: issuers
  scope: Namespaced
  versions:
  - name: v1alpha1
    served: true
    storage: true
