apiVersion: apiextensions.k8s.io/v1beta1
kind: CustomResourceDefinition
metadata:
  annotations:
    helm.sh/resource-policy: keep
  labels:
    app: certmanager
    chart: certmanager
    heritage: Tiller
    release: istio
  name: issuers.group: cert-manager.io
spec:
  group: group: cert-manager.io
  names:
    kind: Issuer
    plural: issuers
  scope: Namespaced
  version: v1alpha1
