apiVersion: cert-manager.io/v1
kind: Issuer
metadata:
  labels:
    app: kfserving
    app.kubernetes.io/component: kfserving
    app.kubernetes.io/name: kfserving
    kustomize.component: kfserving
  name: selfsigned-issuer
  namespace: kubeflow
spec:
  selfSigned: {}
