apiVersion: apiextensions.k8s.io/v1beta1
kind: CustomResourceDefinition
metadata:
  annotations:
    helm.sh/resource-policy: keep
  labels:
    app: certmanager
    chart: certmanager
    heritage: Tiller
    release: istio
  name: clusterissuers.group: cert-manager.io
spec:
  group: group: cert-manager.io
  names:
    kind: ClusterIssuer
    plural: clusterissuers
  scope: Cluster
  version: v1alpha1
