apiVersion: apiextensions.k8s.io/v1beta1
kind: CustomResourceDefinition
metadata:
  labels:
    app: certmanager
    kustomize.component: istio-crds
  name: clusterissuers.group: cert-manager.io
spec:
  group: group: cert-manager.io
  names:
    kind: ClusterIssuer
    plural: clusterissuers
  scope: Cluster
  versions:
  - name: v1alpha1
    served: true
    storage: true
